2026-09-06 04:44:43.699 INFO   Freerouting v2.4.1 (build-date: 2026-09-03)
2026-09-06 04:44:45.100 INFO   Opening 'C:\Users\27417\Desktop\prepre\hagent\kicad\stm32h743_core.dsn'...
2026-09-06 04:44:45.480 INFO   [A0A8A2\3BF863] Loading board file 'stm32h743_core.dsn'...
2026-09-06 04:44:50.758 INFO   [A0A8A2\3BF863] Starting routing of 'stm32h743_core' on 1 thread...
2026-09-06 04:44:50.825 INFO   [A0A8A2\3BF863] Fanout stage started on board '25e6f14e15d4686371958ea4e65c1ee3' with 300 of 303 SMD pins needing fanout (0 already connected, 3 netless).
2026-09-06 04:44:53.425 INFO   [A0A8A2\3BF863] Fanout pass #1 on board '8ccbc8a9e57555ae76f5dd36a34cf44f' completed in 2.55 seconds with 107 SMD pins fanouted, 186 not routed, 0 insert errors, +28 extra vias (0 SMD pins still to check in pass, ripup costs=100).
2026-09-06 04:44:54.637 INFO   [A0A8A2\3BF863] Fanout pass #2 on board '17c892b3706d3fc3f4a19694c1d15225' completed in 1.20 seconds with 6 SMD pins fanouted, 203 not routed, 0 insert errors, +1 extra via (0 SMD pins still to check in pass, ripup costs=200).
2026-09-06 04:44:55.667 INFO   [A0A8A2\3BF863] Fanout pass #3 on board '3c97ab69bfd8f681ae4fec0899b982e8' completed in 1.02 seconds with 1 SMD pin fanouted, 201 not routed, 0 insert errors, +0 extra vias (0 SMD pins still to check in pass, ripup costs=300).
2026-09-06 04:44:56.706 INFO   [A0A8A2\3BF863] Fanout pass #4 on board '0a63065ff11a4f3bcfbed11ff9edfa37' completed in 1.03 seconds with 1 SMD pin fanouted, 205 not routed, 0 insert errors, +0 extra vias (0 SMD pins still to check in pass, ripup costs=400).
2026-09-06 04:44:57.728 INFO   [A0A8A2\3BF863] Fanout pass #5 on board 'eda443a9fba43a24265cd3ab4ccd18e4' completed in 1.02 seconds with 1 SMD pin fanouted, 205 not routed, 0 insert errors, +0 extra vias (0 SMD pins still to check in pass, ripup costs=500).
2026-09-06 04:44:58.749 INFO   [A0A8A2\3BF863] Fanout pass #6 on board '5c9f2b6b72d59ca02e8117ddf570fa8c' completed in 1.01 seconds with 0 SMD pins fanouted, 206 not routed, 0 insert errors, +0 extra vias (0 SMD pins still to check in pass, ripup costs=600).
2026-09-06 04:44:58.773 INFO   [A0A8A2\3BF863] Fanout stage completed: started with 300 total SMD pins, completed in 7.91 seconds, escaped pins: 135/300 (45.0%), using 7.86 total CPU seconds, 35.50 GB total allocated, and 497.8 MB peak heap usage.
2026-09-06 04:44:58.782 INFO   [A0A8A2\3BF863] Auto-routing stage started on board '5c9f2b6b72d59ca02e8117ddf570fa8c' for 212 unrouted items.
2026-09-06 04:46:22.849 INFO   [A0A8A2\3BF863] Auto-routing pass #1 on board '5c9f2b6b72d59ca02e8117ddf570fa8c' was completed in 83.99 seconds with score 767.10 (64 unrouted and 27 violations), using 90.48 CPU seconds and the job allocated 460.09 GB of memory so far.
2026-09-06 04:47:59.056 INFO   [A0A8A2\3BF863] Auto-routing pass #2 on board '45dde7c005652ecd7bd72b2fdb1986de' was completed in 96.02 seconds with score 890.59 (27 unrouted and 28 violations), using 185.19 CPU seconds and the job allocated 934.51 GB of memory so far.
2026-09-06 04:48:53.744 INFO   [A0A8A2\3BF863] Auto-routing pass #3 on board '16444e6bc97fd32e317fcebd20a13b21' was completed in 54.31 seconds with score 907.36 (22 unrouted and 28 violations), using 238.36 CPU seconds and the job allocated 1190.59 GB of memory so far.
2026-09-06 04:49:49.345 INFO   [A0A8A2\3BF863] Auto-routing pass #4 on board '0188a52249400414cac4c575a360a951' was completed in 55.24 seconds with score 924.14 (17 unrouted and 28 violations), using 293.53 CPU seconds and the job allocated 1446.15 GB of memory so far.
2026-09-06 04:50:27.995 INFO   [A0A8A2\3BF863] Auto-routing pass #5 on board '3d68255ded3ccfef6414f0a1bb3ae618' was completed in 38.24 seconds with score 931.52 (15 unrouted and 27 violations), using 330.94 CPU seconds and the job allocated 1643.67 GB of memory so far.
2026-09-06 04:51:08.666 INFO   [A0A8A2\3BF863] Auto-routing pass #6 on board '937a4f65e3c6eb9019354962026d7010' was completed in 40.34 seconds with score 927.50 (16 unrouted and 28 violations), using 371.22 CPU seconds and the job allocated 1830.66 GB of memory so far.
2026-09-06 04:51:52.600 INFO   [A0A8A2\3BF863] Auto-routing pass #7 on board 'f31d99e000b0d42e15cc2106f60f085a' was completed in 43.59 seconds with score 944.27 (11 unrouted and 28 violations), using 414.23 CPU seconds and the job allocated 2042.00 GB of memory so far.
2026-09-06 04:52:15.206 INFO   [A0A8A2\3BF863] Auto-routing pass #8 on board 'f83a954e82bc7f2861e83175af30725c' was completed in 22.18 seconds with score 954.34 (8 unrouted and 28 violations), using 436.94 CPU seconds and the job allocated 2153.49 GB of memory so far.
2026-09-06 04:52:15.642 INFO   [A0A8A2\3BF863] Auto-routing stage completed: started with 294 unrouted nets, completed in 444.88 seconds, final score: 954.34 (8 unrouted and 28 violations), using 436.94 total CPU seconds, 2153.49 GB total allocated, and 1505.1 MB peak heap usage.
2026-09-06 04:52:15.746 INFO   [A0A8A2\3BF863] Starting optimization on 1 thread...
2026-09-06 04:52:15.959 INFO   [A0A8A2\3BF863] Optimization stage started on board '6664aa72a3721cabcee0b1b31da08a9b' with score 954.34 (8 unrouted and 28 violations).
2026-09-06 04:52:56.262 INFO   [A0A8A2\3BF863] Stopping optimization pass #1 early after 50 consecutive items could not be improved.
2026-09-06 04:52:56.458 INFO   [A0A8A2\3BF863] Optimizer pass #1 on board '8ace2a716385e8d30dde43c63ecba8c1' was completed in 39.90 seconds with the score of 954.34 (8 unrouted and 28 violations).
2026-09-06 04:52:56.655 INFO   [A0A8A2\3BF863] Stopping optimizer because the improvement in this pass (0.0000%) is below the threshold (1.00%).
2026-09-06 04:52:56.853 INFO   [A0A8A2\3BF863] Optimization stage completed: started with score 954.34 (8 unrouted and 28 violations), completed in 40.70 seconds, final score: 954.34 (8 unrouted and 28 violations), using 40.20 total CPU seconds, 346.60 GB total allocated, and 1477.5 MB peak heap usage.
2026-09-06 04:52:57.054 INFO   [A0A8A2\3BF863] Optimization was completed in 41.31 seconds with the score of 954.34 (8 unrouted and 28 violations) and an improvement of +0.00%.
2026-09-06 04:52:57.478 INFO   Saving 'C:\Users\27417\Desktop\prepre\hagent\kicad\ses_run3.ses'...
